A vector:
-----------------------------------------------------------------------------------------------------------------
| 808 | 250 |  74 | 659 | 931 | 273 | 545 | 879 | 924 | 710 | 441 | 166 | 493 |  43 | 988 | 504 |
| 328 | 730 | 841 | 613 | 304 | 170 | 710 | 158 | 561 | 934 | 100 | 279 | 817 | 336 |  98 | 827 |
| 513 | 268 | 811 | 634 | 980 | 150 | 580 | 822 | 968 | 673 | 394 | 337 | 486 | 746 | 229 |  92 |
| 195 | 358 |   2 | 154 | 709 | 945 | 669 | 491 | 125 | 197 | 531 | 904 | 723 | 667 | 550 |  25 |
| 802 | 854 | 978 | 409 | 229 | 934 | 299 | 982 | 636 |  14 | 866 | 815 |  64 | 537 | 426 | 670 |
| 116 |  95 | 630 | 502 | 518 | 196 | 106 | 405 | 452 | 299 | 189 | 124 | 506 | 883 | 753 | 567 |
| 717 | 338 | 439 | 145 | 502 | 898 | 872 | 829 | 138 | 359 | 178 | 398 | 295 | 905 | 610 | 232 |
| 746 | 176 | 636 | 299 | 143 | 400 | 969 | 413 | 261 | 558 | 595 |   9 | 396 | 969 | 114 | 531 |
|   7 | 963 | 943 | 366 |  83 | 853 | 768 | 822 | 696 | 713 | 672 | 902 | 591 | 832 | 739 |  58 |
| 617 | 791 | 641 | 680 | 336 |   7 | 973 |  99 |  96 | 320 | 455 | 224 | 290 | 761 | 906 | 127 |
| 124 | 507 | 814 | 771 | 239 |  95 | 221 | 845 | 367 | 535 | 227 | 395 | 364 | 739 | 845 | 591 |
| 551 | 160 | 624 | 948 | 386 | 218 | 273 | 540 | 248 | 386 | 497 | 886 | 624 | 421 | 145 | 969 |
| 736 | 916 | 626 | 535 |  43 |  12 | 680 | 153 |      |      |      |      |      |      |      |      |
-----------------------------------------------------------------------------------------------------------------
A vector sorted:
-----------------------------------------------------------------------------------------------------------------
|   2 |   7 |   7 |   9 |  12 |  14 |  25 |  43 |  43 |  58 |  64 |  74 |  83 |  92 |  95 |  95 |
|  96 |  98 |  99 | 100 | 106 | 114 | 116 | 124 | 124 | 125 | 127 | 138 | 143 | 145 | 145 | 150 |
| 153 | 154 | 158 | 160 | 166 | 170 | 176 | 178 | 189 | 195 | 196 | 197 | 218 | 221 | 224 | 227 |
| 229 | 229 | 232 | 239 | 248 | 250 | 261 | 268 | 273 | 273 | 279 | 290 | 295 | 299 | 299 | 299 |
| 304 | 320 | 328 | 336 | 336 | 337 | 338 | 358 | 359 | 364 | 366 | 367 | 386 | 386 | 394 | 395 |
| 396 | 398 | 400 | 405 | 409 | 413 | 421 | 426 | 439 | 441 | 452 | 455 | 486 | 491 | 493 | 497 |
| 502 | 502 | 504 | 506 | 507 | 513 | 518 | 531 | 531 | 535 | 535 | 537 | 540 | 545 | 550 | 551 |
| 558 | 561 | 567 | 580 | 591 | 591 | 595 | 610 | 613 | 617 | 624 | 624 | 626 | 630 | 634 | 636 |
| 636 | 641 | 659 | 667 | 669 | 670 | 672 | 673 | 680 | 680 | 696 | 709 | 710 | 710 | 713 | 717 |
| 723 | 730 | 736 | 739 | 739 | 746 | 746 | 753 | 761 | 768 | 771 | 791 | 802 | 808 | 811 | 814 |
| 815 | 817 | 822 | 822 | 827 | 829 | 832 | 841 | 845 | 845 | 853 | 854 | 866 | 872 | 879 | 883 |
| 886 | 898 | 902 | 904 | 905 | 906 | 916 | 924 | 931 | 934 | 934 | 943 | 945 | 948 | 963 | 968 |
| 969 | 969 | 969 | 973 | 978 | 980 | 982 | 988 |      |      |      |      |      |      |      |      |
-----------------------------------------------------------------------------------------------------------------
B vector:
-----------------------------------------------------------------------------------------------------------------
| 422 | 748 | 926 | 328 | 144 | 817 | 633 | 341 | 476 | 834 | 674 | 849 | 183 | 127 | 962 | 863 |
| 688 | 188 | 874 | 837 | 263 | 214 | 481 | 178 | 387 | 153 | 298 | 188 | 802 | 712 | 998 | 185 |
| 537 | 802 | 137 | 900 | 291 | 154 | 444 | 817 | 902 | 723 | 886 | 715 | 809 | 236 |  38 | 980 |
| 583 | 425 | 710 | 813 | 125 | 833 | 358 | 471 | 726 | 295 | 297 | 710 | 873 | 352 |   1 |  73 |
| 110 | 913 | 932 | 225 | 391 | 800 | 248 | 297 | 906 | 746 | 949 | 796 | 896 | 609 | 982 | 714 |
|  52 | 283 | 888 | 210 | 258 | 939 |  22 | 919 |  60 | 601 | 565 | 370 | 869 |1000 | 610 | 405 |
| 502 | 718 | 315 | 786 |      |      |      |      |      |      |      |      |      |      |      |      |
-----------------------------------------------------------------------------------------------------------------
Linear Search: Percent of Successful Searches = 26.00%
Binary Search: Percent of Successful Searches = 26.00%
